Loading sipiu-codebase/color/color.mem into memory
Loading sipiu-codebase/color/color.dis as assembler code
drawing video memory at 0200
*************************************
Next Level:  


*******************
opcode: 20
operation: (S)-:=PC PC:={adr} 
flags: -------
 PC  AC XR YR SP NV-BDIZC IR 
0600 aa 00 00 fb 00110110 20 

     00 01 02 03 04 05 06 07 08 09 0a 0b 0c 0d 0e 0f 
0600 a2 00 a0 00 a9 00 85 00 a9 02 85 01 bd 23 06 10 
0610 07 e6 00 a2 00 bd 23 06 e8 91 00 c8 d0 02 e6 01 
0620 4c 0c 06 00 02 00 02 02 08 02 08 08 07 08 07 07 
0630 01 07 01 01 07 01 07 07 08 07 08 08 02 08 02 02 
0640 00 02 00 02 02 08 02 08 08 07 08 07 07 01 07 01 
0650 01 01 01 01 01 01 01 07 01 07 07 08 07 08 08 02 

*******************
0600   A2 00      LDX #$00


*******************
opcode: a2
operation: X:={adr} 
flags: *----*-
 PC  AC XR YR SP NV-BDIZC IR 
0602 aa 00 00 fb 00110110 a2 

     02 03 04 05 06 07 08 09 0a 0b 0c 0d 0e 0f 10 11 
0602 a0 00 a9 00 85 00 a9 02 85 01 bd 23 06 10 07 e6 
0612 00 a2 00 bd 23 06 e8 91 00 c8 d0 02 e6 01 4c 0c 
0622 06 00 02 00 02 02 08 02 08 08 07 08 07 07 01 07 
0632 01 01 07 01 07 07 08 07 08 08 02 08 02 02 00 02 
0642 00 02 02 08 02 08 08 07 08 07 07 01 07 01 01 01 
0652 01 01 01 01 01 07 01 07 07 08 07 08 08 02 08 02 

*******************



     0c 0d 0e 0f 10 11 12 13 14 15 16 17 18 19 1a 1b 
c00c 00 00 00 00 00 00 00 00 00 00 00 00 00 00 00 00 
c01c 00 00 00 00 00 00 00 00 00 00 00 00 00 00 00 00 
c02c 00 00 00 00 00 00 00 00 00 00 00 00 00 00 00 00 
c03c 00 00 00 00 00 00 00 00 00 00 00 00 00 00 00 00 
c04c 00 00 00 00 00 00 00 00 00 00 00 00 00 00 00 00 
c05c 00 00 00 00 00 00 00 00 00 00 00 00 00 00 00 00 

*******************
opcode: a0
operation: Y:={adr} 
flags: *----*-
 PC  AC XR YR SP NV-BDIZC IR 
0604 aa 00 00 fb 00110110 a0 

     04 05 06 07 08 09 0a 0b 0c 0d 0e 0f 10 11 12 13 
0604 a9 00 85 00 a9 02 85 01 bd 23 06 10 07 e6 00 a2 
0614 00 bd 23 06 e8 91 00 c8 d0 02 e6 01 4c 0c 06 00 
0624 02 00 02 02 08 02 08 08 07 08 07 07 01 07 01 01 
0634 07 01 07 07 08 07 08 08 02 08 02 02 00 02 00 02 
0644 02 08 02 08 08 07 08 07 07 01 07 01 01 01 01 01 
0654 01 01 01 07 01 07 07 08 07 08 08 02 08 02 02 ff 

*******************
0604   A9 00      LDA #$00


*******************
opcode: a9
operation: A:={adr} 
flags: *----*-
 PC  AC XR YR SP NV-BDIZC IR 
0606 00 00 00 fb 00110110 a9 

     06 07 08 09 0a 0b 0c 0d 0e 0f 10 11 12 13 14 15 
0606 85 00 a9 02 85 01 bd 23 06 10 07 e6 00 a2 00 bd 
0616 23 06 e8 91 00 c8 d0 02 e6 01 4c 0c 06 00 02 00 
0626 02 02 08 02 08 08 07 08 07 07 01 07 01 01 07 01 
0636 07 07 08 07 08 08 02 08 02 02 00 02 00 02 02 08 
0646 02 08 08 07 08 07 07 01 07 01 01 01 01 01 01 01 
0656 01 07 01 07 07 08 07 08 08 02 08 02 02 ff 00 00 

*******************
0606   85 00      STA $00


*******************
opcode: 85
operation: {adr}:=A 
flags: -------
 PC  AC XR YR SP NV-BDIZC IR 
0608 00 00 00 fb 00110110 85 

     08 09 0a 0b 0c 0d 0e 0f 10 11 12 13 14 15 16 17 
0608 a9 02 85 01 bd 23 06 10 07 e6 00 a2 00 bd 23 06 
0618 e8 91 00 c8 d0 02 e6 01 4c 0c 06 00 02 00 02 02 
0628 08 02 08 08 07 08 07 07 01 07 01 01 07 01 07 07 
0638 08 07 08 08 02 08 02 02 00 02 00 02 02 08 02 08 
0648 08 07 08 07 07 01 07 01 01 01 01 01 01 01 01 07 
0658 01 07 07 08 07 08 08 02 08 02 02 ff 00 00 00 00 

*******************
0608   A9 02      LDA #$02


*******************
opcode: a9
operation: A:={adr} 
flags: *----*-
 PC  AC XR YR SP NV-BDIZC IR 
060a 02 00 00 fb 00110100 a9 

     0a 0b 0c 0d 0e 0f 10 11 12 13 14 15 16 17 18 19 
060a 85 01 bd 23 06 10 07 e6 00 a2 00 bd 23 06 e8 91 
061a 00 c8 d0 02 e6 01 4c 0c 06 00 02 00 02 02 08 02 
062a 08 08 07 08 07 07 01 07 01 01 07 01 07 07 08 07 
063a 08 08 02 08 02 02 00 02 00 02 02 08 02 08 08 07 
064a 08 07 07 01 07 01 01 01 01 01 01 01 01 07 01 07 
065a 07 08 07 08 08 02 08 02 02 ff 00 00 00 00 00 00 

*******************



     00 01 02 03 04 05 06 07 08 09 0a 0b 0c 0d 0e 0f 
0000 00 00 06 00 00 00 00 00 00 00 00 00 00 00 00 00 
0010 00 00 00 00 00 00 00 00 00 00 00 00 00 00 00 00 
0020 00 00 00 00 00 00 00 00 00 00 00 00 00 00 00 00 
0030 00 00 00 00 00 00 00 00 00 00 00 00 00 00 00 00 
0040 00 00 00 00 00 00 00 00 00 00 00 00 00 00 00 00 
0050 00 00 00 00 00 00 00 00 00 00 00 00 00 00 00 00 

*******************
opcode: 85
operation: {adr}:=A 
flags: -------
 PC  AC XR YR SP NV-BDIZC IR 
060c 02 00 00 fb 00110100 85 

     0c 0d 0e 0f 10 11 12 13 14 15 16 17 18 19 1a 1b 
060c bd 23 06 10 07 e6 00 a2 00 bd 23 06 e8 91 00 c8 
061c d0 02 e6 01 4c 0c 06 00 02 00 02 02 08 02 08 08 
062c 07 08 07 07 01 07 01 01 07 01 07 07 08 07 08 08 
063c 02 08 02 02 00 02 00 02 02 08 02 08 08 07 08 07 
064c 07 01 07 01 01 01 01 01 01 01 01 07 01 07 07 08 
065c 07 08 08 02 08 02 02 ff 00 00 00 00 00 00 00 00 

*******************
060C   BD 23 06   LDA $0623,X

quit repl and cpu ..
